Ando TV (1080p),http://play.kankanlive.com/live/1711956137852982.m3u8
CGTN,https://0472.org/hls/cgtn.m3u8
Anhui TV,https://restream.pdtvhd.com/memfs/c1cd2ed0-3b2b-4c25-af98-a7fb0b1eb130.m3u8
CGTN,http://english-livetx.cgtn.com/hls/yypdyyctzb_hd.m3u8
Anshun Comprehensive News Channel,https://hplayer1.juyun.tv/camera/154379194.m3u8
CGTN西语,https://0472.org/hls/cgtnx.m3u8
Beijing Traffic Radio TV [Geo-blocked],http://123.56.24.28:1935/live/fm1039/96K/tzwj_video.m3u8
CGTN阿语,https://0472.org/hls/cgtna.m3u8
Beijing Youth Radio [Geo-blocked],http://audiolive.rbc.cn:1935/live/am927/96K/tzwj_video.m3u8
支持作者,https://vd2.bdstatic.com/mda-sctj0f6r4u1bpebc/1080p/cae_h264/1774706523506678171/mda-sctj0f6r4u1bpebc.mp4
Bread TV面包台 (720p),https://video.bread-tv.com:8091/hls-live24/online/index.m3u8
人间卫视,https://5ddce30eb4b55.streamlock.net/bltvhd/bltv1/chunklist_w511254805.m3u8
BRTV Kaku Childrens Channel,http://223.111.191.105/downflv.brtvcloud.com/kkkkasd/winfr.m3u8
电影丧尸片,http://live.metshop.top/huya/21059578?cdn=alicdn
BRTV 北京卫视 (1080p),http://go.bkpcp.top/mg/bjws
电影八点档,http://live.metshop.top/huya/880261?cdn=alicdn
BRTV 北京卫视 [Not 24/7],http://ivi.bupt.edu.cn/hls/btv1.m3u8
电影刘德华,http://live.metshop.top/huya/11342424?cdn=alicdn
CGTN (1080p),https://amg00405-rakutentv-cgtn-rakuten-i9tar.amagi.tv/master.m3u8
电影功夫片,http://live.metshop.top/huya/11352941?cdn=alicdn
CGTN (1080p),https://english-livebkali.cgtn.com/live/encgtn.m3u8
电影动作电影,http://live.metshop.top/huya/11602077?cdn=alicdn
东方卫视4K,http://bp-resource-dfl.bestv.cn/148/3/video.m3u8
CGTN (720p),https://0472.org/hls/cgtn.m3u8
电影周星星,http://live.metshop.top/huya/11336587?cdn=alicdn
湖南卫视4K,http://8.138.7.223/tv/api.php?id=hnws4k
CGTN Documentary (1080p),https://amg00405-rakutentv-cgtndocumentary-rakuten-0ql8j.amagi.tv/master.m3u8
电影喜剧专场,http://live.metshop.top/huya/11602044?cdn=alicdn
浙江卫视4K,http://101.35.240.114:88/live.php?id=浙江卫视4K
CGTN French (1080p),http://145.239.5.177/214/index.m3u8
电影嫣然影厅,http://live.metshop.top/huya/11601977?cdn=alicdn
江苏卫视4K,http://8.138.7.223/tv/jsws4k.php
CGTN Spanish (720p),http://45.165.82.19/test/index.m3u8
电影战争片,http://live.metshop.top/huya/21059574?cdn=alicdn
广东卫视4K,http://101.35.240.114:88/live.php?id=广东卫视4K
Chifeng Comprehensive News Chanel,http://play1-qk.nmtv.cn/live/1735546697341033.m3u8
电影搞笑喜剧,http://live.metshop.top/huya/11342423?cdn=alicdn
山东卫视4K,http://101.35.240.114:88/live.php?id=山东卫视4K
CND Film Middle School Channel,http://live2.rxip.sc96655.com/live/zxs_4000.m3u8?A=&E=&K=&P=&S=&U=
电影梁家辉,http://live.metshop.top/huya/11342429?cdn=alicdn
苏州4K,https://live-auth.51kandianshi.com/szgd/csztv4k_hd.m3u8
CND Film Middle School Channel,http://live-play.zxstv.com.cn/zhongxuesheng/zhongxuesheng.m3u8
电影犯罪片,http://live.metshop.top/huya/11352974?cdn=alicdn
河北4K,https://event.pull.hebtv.com:443/live/live101.m3u8
Dragon TV International,https://restream.pdtvhd.com/memfs/0b1b95c9-3543-4af9-9fdb-cf45f1602f17.m3u8
电影蜘蛛侠,http://live.metshop.top/huya/21059599?cdn=alicdn
南国都市4K,https://tencentplay.gztv.com/live/nanguodushi.m3u8?txSecret=550af55c0ea34ce492748481415b6dfa&txTime=1903e7b17de
Foshan News TV,http://dslive.grtn.cn/fszh/sd/live.m3u8
电影谍战,http://live.metshop.top/huya/21059585?cdn=alicdn
CCTV-卫生健康,http://nas.hssvm.com:8888/udp/225.1.1.210:5002
Golden Eagle Cartoon,http://1.24.190.98:10080/hls/51/index.m3u8
电影谍战片,http://live.metshop.top/huya/21059587?cdn=alicdn
CCTV-电视指南,http://www.lizhinas.top:1009/rtp/239.252.219.97:5140
Guangzhou TV,https://tencentplaybusiness.gztv.com/live/zonghes.m3u8
电影贺岁,http://live.metshop.top/huya/11601971?cdn=alicdn
中国天气,http://hls.weathertv.cn/tslslive/qCFIfHB/hls/live_sd.m3u8
Harbin Comprehensive News Channel,https://stream.hrbtv.net/xwzh/playlist.m3u8?_upt=ef41dd531755913594
电影高分动作,http://live.metshop.top/huya/11352884?cdn=alicdn
中国交通,http://drive.mxmy.net:8888/udp/239.3.1.188:8001
Harbin Movie Channel,https://stream.hrbtv.net/yspd/playlist.m3u8
浙江钱江频道,http://ali-m-l.cztv.com/channels/lantian/channel02/1080p.m3u8
直播中国,https://gcalic.v.myalicdn.com/gc/wgw05_1/index.m3u8?contentid=2820180516001
Hebei TV (2160p),https://event.pull.hebtv.com/live/live101.m3u8
福州生活,http://live.zohi.tv:80/video/s10001-fztv-3/index.m3u8
熊猫直播,https://gcwbndali.v.myalicdn.com/gcwbnd/ipanda1000_2/index.m3u8
Hebei TV,https://restream.pdtvhd.com/memfs/1db8c005-9365-4b32-94a4-3736987b5646.m3u8
CGTN纪录,https://0472.org/hls/cgtnd.m3u8
CETV-1 综合教育,http://www.lizhinas.top:1009/rtp/239.252.220.198:5140
Hunan TV (2160p),http://hlsal-ldvt.qing.mgtv.com/nn_live/nn_x64/dWlwPTEyNy4wLjAuMSZ1aWQ9cWluZy1jbXMmbm5fdGltZXpvbmU9OCZjZG5leF9pZD1hbF9obHNfbGR2dCZ1dWlkPTliODY4NmU5ZTM2YzYwMmMmZT02OTE0NjA0JnY9MSZpZD1ITldTWkdTVCZzPTcwN2RiYTc2YzJjNmJmMTQ4MmUyZGYzOWU2NWM3YWFi/HNWSZGST.m3u8
CGTN纪录,https://english-livetx.cgtn.com/hls/yypdjlctzb_hd.m3u8
CETV-2 空中课堂,http://www.lizhinas.top:1009/rtp/239.252.219.73:5140
Jiangsu Public & News Channel,https://jiangning-tv-playing-t.cm.jstv.com/jiangning-tv/jnxwzh.m3u8
航拍中国第二季,http://newcntv.qcloudcdn.com/asp/hls/4000/0303000a/3/default/2bdfdad540b342f592f9817cb7f3b79a/4000.m3u8
CETV-3 教育服务,http://rrs01.hw.gmcc.net:8088/PLTV/81/224/3221226722/1.m3u8
Jiangxi Children's Channel,https://play-live-hls.jxtvcn.com.cn/live-city/tv_jxtv6.m3u8
东丰,http://stream5.jlntv.cn/df/sd/live.m3u8?zjild
CETV-4 职业教育,http://rrs01.hw.gmcc.net:8088/PLTV/81/224/3221226724/1.m3u8
Jiangxi City Channel,https://play-live-hls.jxtvcn.com.cn/live-city/tv_jxtv2.m3u8
中国村庄,http://newcntv.qcloudcdn.com/asp/hls/4000/0303000a/3/default/93fc12dbf14241c18c23da104fbade23/4000.m3u8
CGTN英语,http://english-livetx.cgtn.com/hls/yypdyyctzb_hd.m3u8
Jiangxi Economy & Life Channel,https://play-live-hls.jxtvcn.com.cn/live-city/tv_jxtv3.m3u8
九台,http://stream10.jlntv.cn/jiutaitv/sd/live.m3u8?zjild
CGTN记录,https://english-livetx.cgtn.com/hls/yypdjlctzb_hd.m3u8
Jiangxi Movie Channel,https://play-live-hls.jxtvcn.com.cn/live-city/tv_jxtv4.m3u8
人与自然,http://newcntv.qcloudcdn.com/asp/hls/1200/0303000a/3/default/1425e1d505654cb48ba82b807b221193/1200.m3u8
CGTN俄语,http://russian-livews.cgtn.com/hls/LSvexABhNipibK5KRuUkvHZ7220802LSTeze9o8tdFXMHsb1VosgoT220802cd.m3u8
Jiangxi Public & Agriculture Channel,https://play-live-hls.jxtvcn.com.cn/live-city/tv_jxtv5.m3u8
兵团五师双河影,https://liveout.btzx.com.cn/62ds9e/6o77s4.m3u8?zxinjd
CGTN法语,http://espanol-liveali.cgtn.com/hls/LSveOGBaBw41Ea7ukkVAUdKQ220802LSTexu6xAuFH8VZNBLE1ZNEa220802cd.m3u8
Jilin City Channel,https://lsfb.avap.jilintv.cn/zqvk7vpj/channel/7e8474e6daea44ccaa5aa2300191439e/index.m3u8
双辽,http://stream5.jlntv.cn/sl/sd/live.m3u8?zjild
CGTN西语,http://espanol-liveali.cgtn.com/hls/LSveOGBaBw41Ea7ukkVAUdKQ220802LSTexu6xAuFH8VZNBLE1ZNEa220802cd.m3u8
Jilin Lifestyle Channel,https://lsfb.avap.jilintv.cn/zqvk7vpj/channel/0a76740c72b74fabae611845aa21e06a/index.m3u8
地理中国,http://newcntv.qcloudcdn.com/asp/hls/1200/0303000a/3/default/c6baf6f74bb944aeacee1065ea72c798/1200.m3u8
CGTN阿语,http://espanol-liveali.cgtn.com/hls/LSveOGBaBw41Ea7ukkVAUdKQ220802LSTexu6xAuFH8VZNBLE1ZNEa220802cd.m3u8
Jilin Movie Channel,https://lsfb.avap.jilintv.cn/zqvk7vpj/channel/906341e6f19b4c4bacdc89941eb85d12/index.m3u8
奎屯汉语,http://218.84.12.186:8001/hls/main/playlist.m3u8?zxinjd
CCTV4K,http://p.ytelc.com/169l/0/cctv.php?id=cctv4k
Jilin Rural Channel,https://lsfb.avap.jilintv.cn/zqvk7vpj/channel/3ffc4824dce54b92be185555923ce382/index.m3u8
柳河,http://stream5.jlntv.cn/lh/sd/live.m3u8?zjild
CCTV4美洲,http://t.061899.xyz/tl/tl.php?id=cctv4m
Lanzhou Comprehensive News Channel,https://liveplus.lzr.com.cn/xwzh/HD/live.m3u8
桦甸,http://stream10.jlntv.cn/huadian/sd/live.m3u8?zjild
CCTV4欧洲,http://t.061899.xyz/tl/tl.php?id=cctv4o
Lanzhou Culture & Tourism Channel,https://liveplus.lzr.com.cn/wlpd/HD/live.m3u8
江津新闻,http://222.179.155.21:1935/ch1.m3u8?zzhongqd
CCTV发现之旅,http://t.061899.xyz/tl/tl.php?id=fxzl
Liangshan TV [Not 24/7],http://118.122.2.29:9999/hls/47/index.m3u8
汪清,http://stream5.jlntv.cn/wq/sd/live.m3u8?zjild
CCTV老故事,http://t.061899.xyz/tl/tl.php?id=lgs
Nanchang News & Generalist Channel,https://play-live-hls.jxtvcn.com.cn/live-city/tv_nanchang.m3u8
玛纳斯,http://218.84.127.245:1026/hls/main1/playlist.m3u8?zxinjd
CCTV中学生,http://t.061899.xyz/tl/tl.php?id=zxs
Nei Monggol TV (1080i) [Not 24/7],http://play1-qk.nmtv.cn/live/1769652018126032.m3u8
珲春新闻,http://stream8.jlntv.cn/hctv/sd/live.m3u8?zjild
CGTN,http://t.061899.xyz/tl/tl.php?id=cgtn
Nei Monggol TV,http://1.24.190.98:10080/hls/39/index.m3u8
白山公共,http://stream8.jlntv.cn/baishan2/playlist.m3u8?zjild
CGTN纪录,http://t.061899.xyz/tl/tl.php?id=cgtnjl
Nei Monggol TV,http://110.19.156.172:9901/tsfile/live/1003_1.m3u8
磐石,http://stream5.jlntv.cn/ps/sd/live.m3u8?zjild
海峡卫视,http://t.061899.xyz/tl/tl.php?id=hxws
Nei Monggol TV 2 Mongolian Culture Channel (1080i) [Not 24/7],http://play1-qk.nmtv.cn/live/1769652109096027.m3u8
舒兰新闻,http://stream8.jlntv.cn/shulan/sd/live.m3u8?zjild
四海钓鱼,http://t.061899.xyz/tl/tl.php?id=shdy
Nei Monggol TV 2 Mongolian Culture Channel,http://1.24.190.98:10080/hls/40/index.m3u8
辉南新闻,http://stream5.jlntv.cn/hn/sd/live.m3u8?zjild
上视纪实人文,http://t.061899.xyz/tl/tl.php?id=shjsrw
Qinghai TV,https://hls-qhmh.lanzhousobey.cn/qhmh/mhds.m3u8
通化县,http://stream5.jlntv.cn/thx/sd/live.m3u8?zjild
乐游,http://t.061899.xyz/tl/tl.php?id=ly
QTV-1,http://video10.qtv.com.cn/drm/qtv1at/manifest.m3u8
靖宇,http://stream8.jlntv.cn/jytv/sd/live.m3u8?zjild
苏州4K,https://tylive.kan0512.com/norecord/csztv4k_4k.m3u8
QTV-2,http://video10.qtv.com.cn/drm/qtv2at/manifest.m3u8
飞碟之谜01,https://hls.cntv.lxdns.com/asp/hls/2000/0303000a/3/default/f0a47e155d32450daa1d36a04fd7d262/2000.m3u8
河北4K,https://event.pull.hebtv.com:443/live/live101.m3u8
QTV-3,http://video10.qtv.com.cn/drm/qtv3at/manifest.m3u8
飞碟之谜02,https://newcntv.qcloudcdn.com/asp/hls/2000/0303000a/3/default/d2454bbb542d4613a9db478dab2addfd/2000.m3u8
农林卫视,http://120.76.248.139/live/bfgd/4200000122.m3u8
QTV-4,http://video10.qtv.com.cn/drm/qtv4at/manifest.m3u8
龙井,http://stream8.jlntv.cn/ljtv/sd/live.m3u8?zjild
兵团卫视,http://liveout.btzx.com.cn/62ds9e/yil08g.m3u8
QTV-5,http://video10.qtv.com.cn/drm/qtv5at/manifest.m3u8
精品体育,https://epg.pw/stream/94ed0232b61ce8d89883160a4cdfbfc8f3225cae70ef8e17d93eec249a3c8ad6.m3u8
海峡卫视,http://8.138.7.223/tv/hxws.m3u8
QTV-6,http://video10.qtv.com.cn/drm/qtv6at/manifest.m3u8
精品体育,https://epg.pw/stream/f7556eccd4ae06b0c2991fdc7a4f8388496559f728cc82459a8e50346040e226.m3u8
珠江卫视,http://qjrhc.jydjd.top:2911/udp/224.1.100.24:11111
Shenzhen Satellite TV (2160p),https://livepull-tcms.sztv.com.cn/live/sz4Kpgm.m3u8
精品体育,https://epg.pw/stream/866a097a0907c9832440f8df38272dd555abf05200dfbafcc137e214c9b30ca7.m3u8
CGTN,http://112.27.235.94:8000/hls/17/index.m3u8
Siping TV,http://stream2.jlntv.cn/sptv/sd/live.m3u8?_upt=f27750421743154598
AMC音乐,https://AMChls.wns.live/hls/stream.m3u8
上海卫视,http://112.27.235.94:8000/hls/28/index.m3u8
Tonghua TV (1080p),http://lsfb.avap.jilintv.cn/zqvk7vpj/channel/43ea5771aa44421591f9dfd2b71f1b9b/index.m3u8
音乐欣赏,http://61.221.215.25:8800/hls/49/index.m3u8
重温经典,http://112.27.235.94:8000/hls/50/index.m3u8
Tonghua TV (1080p),https://lsfb.avap.jilintv.cn/zqvk7vpj/channel/43ea5771aa44421591f9dfd2b71f1b9b/index.m3u8
直播中国精编直播,https://gcalic.v.myalicdn.com/gc/wgw05_1/index.m3u8
CCTV-4K,http://www.tszhgjj.cn:7000/rtp/239.253.93.134:6631
VOA美国之音 (1080p),https://voa-ingest.akamaized.net/hls/live/2033878/tvmc08/playlist.m3u8
2026-09-10 06:24:09,https://vd2.bdstatic.com/mda-sctj0f6r4u1bpebc/1080p/cae_h264/1774706523506678171/mda-sctj0f6r4u1bpebc.mp4
苏州4K,http://106.53.99.30/tv/api.php?id=sztv4k
Xinjiang TV 1,https://klmysjtzb.rcsxzx.com/hls/klmy2.m3u8
www.izbds.com,https://vd2.bdstatic.com/mda-sctj0f6r4u1bpebc/1080p/cae_h264/1774706523506678171/mda-sctj0f6r4u1bpebc.mp4
河北4K,http://106.53.99.30/tv/api.php?id=hebtv4k
Xinjiang TV 2,http://110.153.180.106:55555/out_3/index.m3u8
